===============================
One-step FIR + B2B
===============================
Active project: /store/users/xu/2025_MSc_b2b/Project.toml
Threads: 128
Started: 2026-09-07T22:18:30.352

Simulating cases...
Done simulating cases.

Running one-step B2B...
Starting one-step B2B: clean
Progress:  67%|███████████████████████████▍             |  ETA: 2:15:50[K
   cross_val_rep: 2[K[A
[K[AProgress: 100%|█████████████████████████████████████████| Time: 4:32:06[K
   cross_val_rep: 3[K
Finished one-step B2B: clean
Starting one-step B2B: overlap
Progress:  67%|███████████████████████████▍             |  ETA: 0:55:31[K
   cross_val_rep: 1[K[A
[K[AProgress: 100%|█████████████████████████████████████████| Time: 1:51:02[K
   cross_val_rep: 3[K
Finished one-step B2B: overlap
Starting one-step B2B: confound
Progress:  67%|███████████████████████████▍             |  ETA: 2:13:49[K
   cross_val_rep: 3[K[A
[K[AProgress: 100%|█████████████████████████████████████████| Time: 4:28:40[K
   cross_val_rep: 1[K
Finished one-step B2B: confound
Starting one-step B2B: both
Progress:  67%|███████████████████████████▍             |  ETA: 0:55:05[K
   cross_val_rep: 2[K[A
[K[AProgress: 100%|█████████████████████████████████████████| Time: 1:51:34[K
   cross_val_rep: 1[K
Finished one-step B2B: both

Saved to:
/store/users/xu/2025_MSc_b2b/results/0_rho_one_step_b2b_hanning_1500trials_results.jls

Total time: 763.66 min
Finished: 2026-09-08T11:02:22.474
